Error: You must install at least one postgresql-client-<version> package
